// Jest Snapshot v1, https://goo.gl/fbAQLP

exports[`CategoryMenu component should match snapshot 1`] = `
<CategoryMenu
  data={
    Object {
      "categories": Array [
        Object {
          "children": Array [],
          "hasChildren": false,
          "href": "#1",
          "id": 1,
          "name": "Category 1",
          "slug": "category-1",
        },
        Object {
          "children": Array [],
          "hasChildren": false,
          "href": "#2",
          "id": 2,
          "name": "Category 2",
          "slug": "category-2",
        },
        Object {
          "children": Array [],
          "hasChildren": false,
          "href": "#3",
          "id": 3,
          "name": "Category 3",
          "slug": "category-3",
        },
      ],
      "loading": false,
    }
  }
  showGiftCategory={false}
  showPromotionCategory={false}
>
  <NoSSR
    onSSR={
      <div
        className="vtex-category-menu"
      >
        <nav
          className="flex w-two-thirds center h-100"
        >
          <CategoryItem
            category={
              Object {
                "href": "#category",
                "id": 0,
                "name": "Category",
              }
            }
          />
        </nav>
      </div>
    }
  >
    <div
      className="vtex-category-menu"
    >
      <LoadingBar
        fallback={null}
        loading={false}
      >
        <nav
          className="flex w-two-thirds center h-100"
        >
          <CategoryItem
            category={
              Object {
                "children": Array [],
                "hasChildren": false,
                "href": "#1",
                "id": 1,
                "name": "Category 1",
                "slug": "category-1",
              }
            }
            key="1"
          >
            <div
              className="vtex-category-menu__item ph4"
              data-testid="category-item"
            >
              <a
                className="db no-underline ttu"
                href="#1"
              >
                Category 1
              </a>
            </div>
          </CategoryItem>
          <CategoryItem
            category={
              Object {
                "children": Array [],
                "hasChildren": false,
                "href": "#2",
                "id": 2,
                "name": "Category 2",
                "slug": "category-2",
              }
            }
            key="2"
          >
            <div
              className="vtex-category-menu__item ph4"
              data-testid="category-item"
            >
              <a
                className="db no-underline ttu"
                href="#2"
              >
                Category 2
              </a>
            </div>
          </CategoryItem>
          <CategoryItem
            category={
              Object {
                "children": Array [],
                "hasChildren": false,
                "href": "#3",
                "id": 3,
                "name": "Category 3",
                "slug": "category-3",
              }
            }
            key="3"
          >
            <div
              className="vtex-category-menu__item ph4"
              data-testid="category-item"
            >
              <a
                className="db no-underline ttu"
                href="#3"
              >
                Category 3
              </a>
            </div>
          </CategoryItem>
        </nav>
      </LoadingBar>
    </div>
  </NoSSR>
</CategoryMenu>
`;
